// Jest Snapshot v1, https://goo.gl/fbAQLP

exports[`SplashScreen should match snapshot 1`] = `
<div>
  <View
    style={
      Object {
        "alignItems": "center",
        "backgroundColor": "rgba(255,255,255,0.7)",
        "flex": 1,
        "flexDirection": "column",
        "justifyContent": "center",
      }
    }
  >
    <DefaultFont
      style={
        Object {
          "fontSize": 24,
          "fontWeight": "bold",
          "marginBottom": 10,
          "opacity": 1,
        }
      }
    >
      Mina HÃ¥llplatser
    </DefaultFont>
    <Spinner
      color="#779ECB"
      noFlex={true}
      size="large"
    />
  </View>
</div>
`;
