// Jest Snapshot v1, https://goo.gl/fbAQLP

exports[`should match snapshot 1`] = `
<TouchableOpacity
  style={
    Array [
      Object {
        "alignItems": "center",
        "flexDirection": "row",
        "height": 50,
        "justifyContent": "space-between",
        "paddingHorizontal": 10,
      },
      null,
    ]
  }
>
  <DefaultFont
    style={
      Object {
        "alignSelf": "center",
        "fontSize": 18,
        "justifyContent": "flex-start",
      }
    }
  />
  <View
    style={
      Object {
        "alignItems": "center",
        "justifyContent": "center",
        "width": 24,
      }
    }
  />
</TouchableOpacity>
`;
