// Jest Snapshot v1, https://goo.gl/fbAQLP

exports[`should match snapshot 1`] = `
<View
  style={
    Object {
      "borderBottomColor": "#dedede",
      "borderBottomWidth": 1,
    }
  }
/>
`;
